.
./.gitignore
./bin
./DataDictionary.csproj
./DataDictionary.xmlb
./files.lst
./generated
./generated/DataDictionary.Generated.cs
./generate_cleaner.rcs
./generate_comparer.rcs
./makefile
./obj
./obj/Debug
./obj/Debug/DataDictionary.csproj.FileListAbsolute.txt
./obj/Debug/DataDictionary.csprojResolveAssemblyReference.cache
./obj/Debug/DataDictionary.dll
./obj/Debug/DataDictionary.pdb
./obj/Debug/DesignTimeResolveAssemblyReferencesInput.cache
./obj/Debug/TempPE
./Properties
./Properties/AssemblyInfo.cs
./src
./src/Cleaner.cs
./src/Compare
./src/Compare/Comparer.cs
./src/Compare/CompareUtil.cs
./src/Compare/Diff.cs
./src/Compare/Factory.cs
./src/Compare/History.cs
./src/Constants
./src/Constants/EnumValue.cs
./src/Constants/State.cs
./src/Constants/StateMachine.cs
./src/Dictionary.cs
./src/EFSSystem.cs
./src/Finders.cs
./src/Functions
./src/Functions/Case.cs
./src/Functions/Function.cs
./src/Functions/Graph.cs
./src/Functions/PredefinedFunctions
./src/Functions/PredefinedFunctions/AddIncrement.cs
./src/Functions/PredefinedFunctions/Allocate.cs
./src/Functions/PredefinedFunctions/Available.cs
./src/Functions/PredefinedFunctions/Before.cs
./src/Functions/PredefinedFunctions/Cast.cs
./src/Functions/PredefinedFunctions/DecelerationProfile.cs
./src/Functions/PredefinedFunctions/DistanceForSpeed.cs
./src/Functions/PredefinedFunctions/DoubleToInteger.cs
./src/Functions/PredefinedFunctions/EmptyDoubleToDoubleFunction.cs
./src/Functions/PredefinedFunctions/FunctionOnGraph.cs
./src/Functions/PredefinedFunctions/FunctionOnSurface.cs
./src/Functions/PredefinedFunctions/IntersectAt.cs
./src/Functions/PredefinedFunctions/Max.cs
./src/Functions/PredefinedFunctions/Min.cs
./src/Functions/PredefinedFunctions/MinSurface.cs
./src/Functions/PredefinedFunctions/Not.cs
./src/Functions/PredefinedFunctions/Override.cs
./src/Functions/PredefinedFunctions/PredefinedFunction.cs
./src/Functions/PredefinedFunctions/RoundToMultiple.cs
./src/Functions/PredefinedFunctions/Targets.cs
./src/Functions/Procedure.cs
./src/Functions/Surface.cs
./src/GuidCache.cs
./src/ICommentable.cs
./src/IEnclosesNameSpaces.cs
./src/IExpressionable.cs
./src/IGraphicalDisplay.cs
./src/Interpreter
./src/Interpreter/BinaryExpression.cs
./src/Interpreter/Call.cs
./src/Interpreter/Compiler.cs
./src/Interpreter/DerefExpression.cs
./src/Interpreter/Designator.cs
./src/Interpreter/ExplanationPart.cs
./src/Interpreter/Expression.cs
./src/Interpreter/Filter
./src/Interpreter/Filter/AllMatches.cs
./src/Interpreter/Filter/BaseFilter.cs
./src/Interpreter/Filter/IsActualParameter.cs
./src/Interpreter/Filter/IsCallable.cs
./src/Interpreter/Filter/IsCallableOrIsVariable.cs
./src/Interpreter/Filter/IsFormalParameter.cs
./src/Interpreter/Filter/IsLeftSide.cs
./src/Interpreter/Filter/IsLiteral.cs
./src/Interpreter/Filter/IsNameSpace.cs
./src/Interpreter/Filter/IsRigthSide.cs
./src/Interpreter/Filter/IsStrictVariableOrValue.cs
./src/Interpreter/Filter/IsStructure.cs
./src/Interpreter/Filter/IsType.cs
./src/Interpreter/Filter/IsTypedElement.cs
./src/Interpreter/Filter/IsValue.cs
./src/Interpreter/Filter/IsVariable.cs
./src/Interpreter/Filter/IsVariableOrValue.cs
./src/Interpreter/Filter/References.cs
./src/Interpreter/FunctionExpression.cs
./src/Interpreter/InterpreterTreeNode.cs
./src/Interpreter/ListExpression.cs
./src/Interpreter/ListOperators
./src/Interpreter/ListOperators/ConditionBasedListExpression.cs
./src/Interpreter/ListOperators/CountExpression.cs
./src/Interpreter/ListOperators/ExpressionBasedListExpression.cs
./src/Interpreter/ListOperators/FirstExpression.cs
./src/Interpreter/ListOperators/ForAllExpression.cs
./src/Interpreter/ListOperators/LastExpression.cs
./src/Interpreter/ListOperators/ListOperatorExpression.cs
./src/Interpreter/ListOperators/MapExpression.cs
./src/Interpreter/ListOperators/ReduceExpression.cs
./src/Interpreter/ListOperators/SumExpression.cs
./src/Interpreter/ListOperators/ThereIsExpression.cs
./src/Interpreter/NumberExpression.cs
./src/Interpreter/ParseErrorException.cs
./src/Interpreter/Parser.cs
./src/Interpreter/Refactor
./src/Interpreter/Refactor/BaseRefactorTree.cs
./src/Interpreter/Refactor/RefactorTree.cs
./src/Interpreter/Refactor/ReNameSpaceTree.cs
./src/Interpreter/StabilizeExpression.cs
./src/Interpreter/Statement
./src/Interpreter/Statement/ApplyStatement.cs
./src/Interpreter/Statement/InsertStatement.cs
./src/Interpreter/Statement/ProcedureCallStatement.cs
./src/Interpreter/Statement/RemoveStatement.cs
./src/Interpreter/Statement/ReplaceStatement.cs
./src/Interpreter/Statement/Statement.cs
./src/Interpreter/Statement/VariableUpdateStatement.cs
./src/Interpreter/StringExpression.cs
./src/Interpreter/StructExpression.cs
./src/Interpreter/SymbolTable.cs
./src/Interpreter/Term.cs
./src/Interpreter/UnaryExpression.cs
./src/Interpreter/Usage.cs
./src/Interpreter/Visitor.cs
./src/Marking.cs
./src/MarkingHistory.cs
./src/MessageCounter.cs
./src/ModelElement.cs
./src/Namable.cs
./src/ObjectFactory.cs
./src/Parameter.cs
./src/ReferencesParagraph.cs
./src/ReqRef.cs
./src/ReqRelated.cs
./src/RuleChecker.cs
./src/Rules
./src/Rules/Action.cs
./src/Rules/Change.cs
./src/Rules/PreCondition.cs
./src/Rules/Rule.cs
./src/Rules/RuleCondition.cs
./src/Rules/RuleDisabling.cs
./src/Rules/Transition.cs
./src/Shortcuts
./src/Shortcuts/Shortcut.cs
./src/Shortcuts/ShortcutDictionary.cs
./src/Shortcuts/ShortcutFolder.cs
./src/Specification
./src/Specification/Chapter.cs
./src/Specification/ChapterRef.cs
./src/Specification/CharValue.cs
./src/Specification/IHoldsParagraphs.cs
./src/Specification/IHoldsRequirementSets.cs
./src/Specification/Mask.cs
./src/Specification/Match.cs
./src/Specification/MatchRange.cs
./src/Specification/Meaning.cs
./src/Specification/Message.cs
./src/Specification/MsgVariable.cs
./src/Specification/Paragraph.cs
./src/Specification/ParagraphRevision.cs
./src/Specification/RequirementSet.cs
./src/Specification/RequirementSetDependancy.cs
./src/Specification/RequirementSetReference.cs
./src/Specification/ResolutionFormula.cs
./src/Specification/SpecialOrReservedValue.cs
./src/Specification/SpecialOrReservedValues.cs
./src/Specification/Specification.cs
./src/Specification/TypeSpec.cs
./src/Specification/Value.cs
./src/Specification/Values.cs
./src/Tests
./src/Tests/DBElements
./src/Tests/DBElements/DBField.cs
./src/Tests/DBElements/DBMessage.cs
./src/Tests/DBElements/DBPacket.cs
./src/Tests/Expectation.cs
./src/Tests/Frame.cs
./src/Tests/FrameRef.cs
./src/Tests/Runner
./src/Tests/Runner/Events
./src/Tests/Runner/Events/EventTimeLine.cs
./src/Tests/Runner/Events/Expect.cs
./src/Tests/Runner/Events/ExpectationStateChange.cs
./src/Tests/Runner/Events/ModelEvents.cs
./src/Tests/Runner/Events/ModelIntepretationFailure.cs
./src/Tests/Runner/Events/RuleFired.cs
./src/Tests/Runner/Events/SubStepActivated.cs
./src/Tests/Runner/Events/VariableUpdate.cs
./src/Tests/Runner/Runner.cs
./src/Tests/Step.cs
./src/Tests/SubSequence.cs
./src/Tests/SubStep.cs
./src/Tests/TestCase.cs
./src/Tests/Translations
./src/Tests/Translations/Folder.cs
./src/Tests/Translations/SourceText.cs
./src/Tests/Translations/Translation.cs
./src/Tests/Translations/TranslationDictionary.cs
./src/Types
./src/Types/AccessMode
./src/Types/AccessMode/AccessMode.cs
./src/Types/AccessMode/AccessToVariable.cs
./src/Types/AccessMode/ProcedureOrFunctionCall.cs
./src/Types/Collection.cs
./src/Types/Enum.cs
./src/Types/NameSpace.cs
./src/Types/NameSpaceRef.cs
./src/Types/PredefinedTypes.cs
./src/Types/Range.cs
./src/Types/StateMachine.cs
./src/Types/Structure.cs
./src/Types/StructureElement.cs
./src/Types/Type.cs
./src/Types/TypeInconsistancyException.cs
./src/Types/TypeSet.cs
./src/UsageChecker.cs
./src/Util.cs
./src/Values
./src/Values/BoolValue.cs
./src/Values/DefaultValue.cs
./src/Values/DoubleValue.cs
./src/Values/IntValue.cs
./src/Values/ListValue.cs
./src/Values/PlaceHolder.cs
./src/Values/StringValue.cs
./src/Values/StructureValue.cs
./src/Values/Value.cs
./src/Variables
./src/Variables/Actual.cs
./src/Variables/IVariable.cs
./src/Variables/Variable.cs
